
__2 __1 __0 __0 __2 __1 
__1 __0 __0 __2 __1 __2 
__2 __3 __2 __0 __2 __1 
__3 __2 __0 __0 __1 __2 
__2 __1 __2 __1 __2 __3 
__1 __2 __0 __2 __3 __2 

__2 __1 __0 __0 __2 __1 
__1 __0 __0 __2 __1 __2 
__2 __3 __0 __2 __2 __1 
__3 __2 __0 __0 __1 __2 
__2 __1 __2 __1 __2 __3 
__1 __2 __0 __2 __3 __2 

__2 __1 ___ __0 __2 __1 
__1 __0 ___ __2 __1 __2 
__2 __3 _v0 __2 __2 __1 
__3 __2 ___ __0 __1 __2 
__2 __1 __2 __1 __2 __3 
__1 __2 __0 __2 __3 __2 

__2 __1 __3 __0 __2 __1 
__1 __0 __2 __2 __1 __2 
__2 __3 __1 __2 __2 __1 
__3 __2 _v0 __0 __1 __2 
__2 __1 __2 __1 __2 __3 
__1 __2 __0 __2 __3 __2 
