
__1 __1 __0 
__1 __0 __1 
__2 __3 __2 
hint: 0 1 down

__1 __0 __0 
__1 __1 __1 
__2 __3 __2 

__1 __0 __0 
___ ___ ___ 
__2 __3 __2 

__1 __2 __3 
__1 __0 __0 
__2 __3 __2 
