
__0 __1 __2 
__2 __0 __1 
__0 __1 __2 
>> hint: 1 0 right

__0 __1 __2 
__0 __2 __1 
__0 __1 __2 

___ __1 __2 
___ __2 __1 
___ __1 __2 

__3 __1 __2 
__2 __2 __1 
__1 __1 __2 
