
__0 __1 __2 
__0 __3 __2 
__3 __2 __1 
>> hint: 2 1 right

__0 __1 __2 
__0 __3 __2 
__3 __1 __2 

__0 __1 ___ 
__0 __3 ___ 
__3 __1 ___ 

__0 __1 __1 
__0 __3 __2 
__3 __1 __3 
