
__0 __1 __2 __3 
__1 __2 __3 __0 
__2 __3 __0 __1 
__1 __0 __1 __1 
hint: 3 0 right

__0 __1 __2 __3 
__1 __2 __3 __0 
__2 __3 __0 __1 
__0 __1 __1 __1 

__0 __1 __2 __3 
__1 __2 __3 __0 
__2 __3 __0 __1 
__0 ___ ___ ___ 

__0 __3 __2 __1 
__1 __1 __2 __3 
__2 __2 __3 __0 
__0 __3 __0 __1 
