
__2 __3 __0 __0 
__3 __0 __0 __1 
__0 __1 __2 __0 
__1 __2 __3 __0 

__2 __3 __0 __0 
__3 __0 __1 __0 
__0 __1 __2 __0 
__1 __2 __3 __0 

__2 __3 __0 ___ 
__3 __0 __1 _v0 
__0 __1 __2 ___ 
__1 __2 __3 ___ 

__2 __3 __0 __1 
__3 __0 __1 __2 
__0 __1 __2 __3 
__1 __2 __3 _v0 
