
__1 __2 __3 __0 __1 
__2 __3 __0 __1 __2 
__3 __0 __1 __2 __3 
__0 __2 __1 __2 __0 
__1 __1 __0 __1 __1 

__1 __2 __3 __0 __1 
__2 __3 __0 __1 __2 
__3 __0 __1 __2 __3 
__0 __2 __0 __2 __0 
__1 __1 __1 __1 __1 

__1 __2 __3 __0 __1 
__2 __3 __0 __1 __2 
__3 __0 __1 __2 __3 
__0 __2 __0 __2 __0 
___ ___ _p1 ___ ___ 

__0 __0 __3 __0 __0 
__1 __2 __0 __0 __1 
__2 __3 __1 __1 __2 
__3 __0 __0 __2 __3 
__0 __2 _p1 __2 __0 
